// Jest Snapshot v1, https://goo.gl/fbAQLP

exports[`<FilmCard /> should render 1`] = `
{
  "asFragment": [Function],
  "baseElement": <body>
    <div>
      <article
        class="small-film-card catalog__films-card"
      >
        <div
          class="small-film-card__image"
        >
          <video
            data-testid="video"
            height="175"
            poster="/preview/image"
            src="https://video/122"
            width="280"
          />
        </div>
        <h3
          class="small-film-card__title"
        >
          <a
            class="small-film-card__link"
            href="/films/1"
          >
            Terminator
          </a>
        </h3>
      </article>
    </div>
  </body>,
  "container": <div>
    <article
      class="small-film-card catalog__films-card"
    >
      <div
        class="small-film-card__image"
      >
        <video
          data-testid="video"
          height="175"
          poster="/preview/image"
          src="https://video/122"
          width="280"
        />
      </div>
      <h3
        class="small-film-card__title"
      >
        <a
          class="small-film-card__link"
          href="/films/1"
        >
          Terminator
        </a>
      </h3>
    </article>
  </div>,
  "debug": [Function],
  "findAllByAltText": [Function],
  "findAllByDisplayValue": [Function],
  "findAllByLabelText": [Function],
  "findAllByPlaceholderText": [Function],
  "findAllByRole": [Function],
  "findAllByTestId": [Function],
  "findAllByText": [Function],
  "findAllByTitle": [Function],
  "findByAltText": [Function],
  "findByDisplayValue": [Function],
  "findByLabelText": [Function],
  "findByPlaceholderText": [Function],
  "findByRole": [Function],
  "findByTestId": [Function],
  "findByText": [Function],
  "findByTitle": [Function],
  "getAllByAltText": [Function],
  "getAllByDisplayValue": [Function],
  "getAllByLabelText": [Function],
  "getAllByPlaceholderText": [Function],
  "getAllByRole": [Function],
  "getAllByTestId": [Function],
  "getAllByText": [Function],
  "getAllByTitle": [Function],
  "getByAltText": [Function],
  "getByDisplayValue": [Function],
  "getByLabelText": [Function],
  "getByPlaceholderText": [Function],
  "getByRole": [Function],
  "getByTestId": [Function],
  "getByText": [Function],
  "getByTitle": [Function],
  "queryAllByAltText": [Function],
  "queryAllByDisplayValue": [Function],
  "queryAllByLabelText": [Function],
  "queryAllByPlaceholderText": [Function],
  "queryAllByRole": [Function],
  "queryAllByTestId": [Function],
  "queryAllByText": [Function],
  "queryAllByTitle": [Function],
  "queryByAltText": [Function],
  "queryByDisplayValue": [Function],
  "queryByLabelText": [Function],
  "queryByPlaceholderText": [Function],
  "queryByRole": [Function],
  "queryByTestId": [Function],
  "queryByText": [Function],
  "queryByTitle": [Function],
  "rerender": [Function],
  "unmount": [Function],
}
`;
