// Jest Snapshot v1, https://goo.gl/fbAQLP

exports[`<ReviewForm /> should render 1`] = `
{
  "asFragment": [Function],
  "baseElement": <body>
    <div>
      <form
        action="#"
        class="add-review__form"
      >
        <div
          class="rating"
        >
          <div
            class="rating__stars"
          >
            <input
              class="rating__input"
              id="star-10"
              name="rating"
              type="radio"
              value="10"
            />
            <label
              class="rating__label"
              for="star-10"
            >
              Rating 
              10
            </label>
            <input
              class="rating__input"
              id="star-9"
              name="rating"
              type="radio"
              value="9"
            />
            <label
              class="rating__label"
              for="star-9"
            >
              Rating 
              9
            </label>
            <input
              class="rating__input"
              id="star-8"
              name="rating"
              type="radio"
              value="8"
            />
            <label
              class="rating__label"
              for="star-8"
            >
              Rating 
              8
            </label>
            <input
              class="rating__input"
              id="star-7"
              name="rating"
              type="radio"
              value="7"
            />
            <label
              class="rating__label"
              for="star-7"
            >
              Rating 
              7
            </label>
            <input
              class="rating__input"
              id="star-6"
              name="rating"
              type="radio"
              value="6"
            />
            <label
              class="rating__label"
              for="star-6"
            >
              Rating 
              6
            </label>
            <input
              class="rating__input"
              id="star-5"
              name="rating"
              type="radio"
              value="5"
            />
            <label
              class="rating__label"
              for="star-5"
            >
              Rating 
              5
            </label>
            <input
              class="rating__input"
              id="star-4"
              name="rating"
              type="radio"
              value="4"
            />
            <label
              class="rating__label"
              for="star-4"
            >
              Rating 
              4
            </label>
            <input
              class="rating__input"
              id="star-3"
              name="rating"
              type="radio"
              value="3"
            />
            <label
              class="rating__label"
              for="star-3"
            >
              Rating 
              3
            </label>
            <input
              class="rating__input"
              id="star-2"
              name="rating"
              type="radio"
              value="2"
            />
            <label
              class="rating__label"
              for="star-2"
            >
              Rating 
              2
            </label>
            <input
              class="rating__input"
              id="star-1"
              name="rating"
              type="radio"
              value="1"
            />
            <label
              class="rating__label"
              for="star-1"
            >
              Rating 
              1
            </label>
          </div>
        </div>
        <p />
        <div
          class="add-review__text"
        >
          <textarea
            class="add-review__textarea"
            id="review-text"
            name="review-text"
            placeholder="Review text"
          />
          <div
            class="add-review__submit"
          >
            <button
              class="add-review__btn"
              disabled=""
              type="submit"
            >
              Post
            </button>
          </div>
        </div>
      </form>
    </div>
  </body>,
  "container": <div>
    <form
      action="#"
      class="add-review__form"
    >
      <div
        class="rating"
      >
        <div
          class="rating__stars"
        >
          <input
            class="rating__input"
            id="star-10"
            name="rating"
            type="radio"
            value="10"
          />
          <label
            class="rating__label"
            for="star-10"
          >
            Rating 
            10
          </label>
          <input
            class="rating__input"
            id="star-9"
            name="rating"
            type="radio"
            value="9"
          />
          <label
            class="rating__label"
            for="star-9"
          >
            Rating 
            9
          </label>
          <input
            class="rating__input"
            id="star-8"
            name="rating"
            type="radio"
            value="8"
          />
          <label
            class="rating__label"
            for="star-8"
          >
            Rating 
            8
          </label>
          <input
            class="rating__input"
            id="star-7"
            name="rating"
            type="radio"
            value="7"
          />
          <label
            class="rating__label"
            for="star-7"
          >
            Rating 
            7
          </label>
          <input
            class="rating__input"
            id="star-6"
            name="rating"
            type="radio"
            value="6"
          />
          <label
            class="rating__label"
            for="star-6"
          >
            Rating 
            6
          </label>
          <input
            class="rating__input"
            id="star-5"
            name="rating"
            type="radio"
            value="5"
          />
          <label
            class="rating__label"
            for="star-5"
          >
            Rating 
            5
          </label>
          <input
            class="rating__input"
            id="star-4"
            name="rating"
            type="radio"
            value="4"
          />
          <label
            class="rating__label"
            for="star-4"
          >
            Rating 
            4
          </label>
          <input
            class="rating__input"
            id="star-3"
            name="rating"
            type="radio"
            value="3"
          />
          <label
            class="rating__label"
            for="star-3"
          >
            Rating 
            3
          </label>
          <input
            class="rating__input"
            id="star-2"
            name="rating"
            type="radio"
            value="2"
          />
          <label
            class="rating__label"
            for="star-2"
          >
            Rating 
            2
          </label>
          <input
            class="rating__input"
            id="star-1"
            name="rating"
            type="radio"
            value="1"
          />
          <label
            class="rating__label"
            for="star-1"
          >
            Rating 
            1
          </label>
        </div>
      </div>
      <p />
      <div
        class="add-review__text"
      >
        <textarea
          class="add-review__textarea"
          id="review-text"
          name="review-text"
          placeholder="Review text"
        />
        <div
          class="add-review__submit"
        >
          <button
            class="add-review__btn"
            disabled=""
            type="submit"
          >
            Post
          </button>
        </div>
      </div>
    </form>
  </div>,
  "debug": [Function],
  "findAllByAltText": [Function],
  "findAllByDisplayValue": [Function],
  "findAllByLabelText": [Function],
  "findAllByPlaceholderText": [Function],
  "findAllByRole": [Function],
  "findAllByTestId": [Function],
  "findAllByText": [Function],
  "findAllByTitle": [Function],
  "findByAltText": [Function],
  "findByDisplayValue": [Function],
  "findByLabelText": [Function],
  "findByPlaceholderText": [Function],
  "findByRole": [Function],
  "findByTestId": [Function],
  "findByText": [Function],
  "findByTitle": [Function],
  "getAllByAltText": [Function],
  "getAllByDisplayValue": [Function],
  "getAllByLabelText": [Function],
  "getAllByPlaceholderText": [Function],
  "getAllByRole": [Function],
  "getAllByTestId": [Function],
  "getAllByText": [Function],
  "getAllByTitle": [Function],
  "getByAltText": [Function],
  "getByDisplayValue": [Function],
  "getByLabelText": [Function],
  "getByPlaceholderText": [Function],
  "getByRole": [Function],
  "getByTestId": [Function],
  "getByText": [Function],
  "getByTitle": [Function],
  "queryAllByAltText": [Function],
  "queryAllByDisplayValue": [Function],
  "queryAllByLabelText": [Function],
  "queryAllByPlaceholderText": [Function],
  "queryAllByRole": [Function],
  "queryAllByTestId": [Function],
  "queryAllByText": [Function],
  "queryAllByTitle": [Function],
  "queryByAltText": [Function],
  "queryByDisplayValue": [Function],
  "queryByLabelText": [Function],
  "queryByPlaceholderText": [Function],
  "queryByRole": [Function],
  "queryByTestId": [Function],
  "queryByText": [Function],
  "queryByTitle": [Function],
  "rerender": [Function],
  "unmount": [Function],
}
`;
